[    0.000000] Linux version 4.15.0-96-generic (buildd@lgw01-amd64-004) (gcc version 7.5.0 (Ubuntu 7.5.0-3ubuntu1~18.04)) #97-Ubuntu SMP Wed Apr 1 03:25:46 UTC 2020 (Ubuntu 4.15.0-96.97-generic 4.15.18)
[    0.000000] Command line: BOOT_IMAGE=/boot/vmlinuz-4.15.0-96-generic root=UUID=1f736b6f-1f72-404f-b646-22a765a221c8 ro console=tty1 console=ttyS0
[    0.000000] KERNEL supported cpus:
[    0.000000]   Intel GenuineIntel
[    0.000000]   AMD AuthenticAMD
[    0.000000]   Centaur CentaurHauls
[    0.000000] x86/fpu: Supporting XSAVE feature 0x001: 'x87 floating point registers'
[    0.000000] x86/fpu: Supporting XSAVE feature 0x002: 'SSE registers'
[    0.000000] x86/fpu: Supporting XSAVE feature 0x004: 'AVX registers'
[    0.000000] x86/fpu: xstate_offset[2]:  576, xstate_sizes[2]:  256
[    0.000000] x86/fpu: Enabled xstate features 0x7, context size is 832 bytes, using 'standard' format.
[    0.000000] e820: BIOS-provided physical RAM map:
[    0.000000] BIOS-e820: [mem 0x0000000000000000-0x000000000009fbff] usable
[    0.000000] BIOS-e820: [mem 0x000000000009fc00-0x000000000009ffff] reserved
[    0.000000] BIOS-e820: [mem 0x00000000000f0000-0x00000000000fffff] reserved
[    0.000000] BIOS-e820: [mem 0x0000000000100000-0x000000003ffeffff] usable
[    0.000000] BIOS-e820: [mem 0x000000003fff0000-0x000000003fffffff] ACPI data
[    0.000000] BIOS-e820: [mem 0x00000000fec00000-0x00000000fec00fff] reserved
[    0.000000] BIOS-e820: [mem 0x00000000fee00000-0x00000000fee00fff] reserved
[    0.000000] BIOS-e820: [mem 0x00000000fffc0000-0x00000000ffffffff] reserved
[    0.000000] NX (Execute Disable) protection: active
[    0.000000] SMBIOS 2.5 present.
[    0.000000] DMI: innotek GmbH VirtualBox/VirtualBox, BIOS VirtualBox 12/01/2006
[    0.000000] Hypervisor detected: KVM
[    0.000000] e820: last_pfn = 0x3fff0 max_arch_pfn = 0x400000000
[    0.000000] MTRR: Disabled
[    0.000000] x86/PAT: MTRRs disabled, skipping PAT initialization too.
[    0.000000] CPU MTRRs all blank - virtualized system.
[    0.000000] x86/PAT: Configuration [0-7]: WB  WT  UC- UC  WB  WT  UC- UC  
[    0.000000] found SMP MP-table at [mem 0x0009fff0-0x0009ffff]
[    0.000000] Scanning 1 areas for low memory corruption
[    0.000000] RAMDISK: [mem 0x35965000-0x36ca9fff]
[    0.000000] ACPI: Early table checksum verification disabled
[    0.000000] ACPI: RSDP 0x00000000000E0000 000024 (v02 VBOX  )
[    0.000000] ACPI: XSDT 0x000000003FFF0030 00003C (v01 VBOX   VBOXXSDT 00000001 ASL  00000061)
[    0.000000] ACPI: FACP 0x000000003FFF00F0 0000F4 (v04 VBOX   VBOXFACP 00000001 ASL  00000061)
[    0.000000] ACPI: DSDT 0x000000003FFF0470 0022EA (v02 VBOX   VBOXBIOS 00000002 INTL 20100528)
[    0.000000] ACPI: FACS 0x000000003FFF0200 000040
[    0.000000] ACPI: FACS 0x000000003FFF0200 000040
[    0.000000] ACPI: APIC 0x000000003FFF0240 00005C (v02 VBOX   VBOXAPIC 00000001 ASL  00000061)
[    0.000000] ACPI: SSDT 0x000000003FFF02A0 0001CC (v01 VBOX   VBOXCPUT 00000002 INTL 20100528)
[    0.000000] No NUMA configuration found
[    0.000000] Faking a node at [mem 0x0000000000000000-0x000000003ffeffff]
[    0.000000] NODE_DATA(0) allocated [mem 0x3ffc5000-0x3ffeffff]
[    0.000000] kvm-clock: cpu 0, msr 0:3ff44001, primary cpu clock
[    0.000000] kvm-clock: Using msrs 4b564d01 and 4b564d00
[    0.000000] kvm-clock: using sched offset of 5943493712 cycles
[    0.000000] clocksource: kvm-clock: mask: 0xffffffffffffffff max_cycles: 0x1cd42e4dffb, max_idle_ns: 881590591483 ns
[    0.000000] Zone ranges:
[    0.000000]   DMA      [mem 0x0000000000001000-0x0000000000ffffff]
[    0.000000]   DMA32    [mem 0x0000000001000000-0x000000003ffeffff]
[    0.000000]   Normal   empty
[    0.000000]   Device   empty
[    0.000000] Movable zone start for each node
[    0.000000] Early memory node ranges
[    0.000000]   node   0: [mem 0x0000000000001000-0x000000000009efff]
[    0.000000]   node   0: [mem 0x0000000000100000-0x000000003ffeffff]
[    0.000000] Reserved but unavailable: 98 pages
[    0.000000] Initmem setup node 0 [mem 0x0000000000001000-0x000000003ffeffff]
[    0.000000] ACPI: PM-Timer IO Port: 0x4008
[    0.000000] IOAPIC[0]: apic_id 2, version 32, address 0xfec00000, GSI 0-23
[    0.000000] ACPI: INT_SRC_OVR (bus 0 bus_irq 0 global_irq 2 dfl dfl)
[    0.000000] ACPI: INT_SRC_OVR (bus 0 bus_irq 9 global_irq 9 low level)
[    0.000000] Using ACPI (MADT) for SMP configuration information
[    0.000000] smpboot: Allowing 2 CPUs, 0 hotplug CPUs
[    0.000000] PM: Registered nosave memory: [mem 0x00000000-0x00000fff]
[    0.000000] PM: Registered nosave memory: [mem 0x0009f000-0x0009ffff]
[    0.000000] PM: Registered nosave memory: [mem 0x000a0000-0x000effff]
[    0.000000] PM: Registered nosave memory: [mem 0x000f0000-0x000fffff]
[    0.000000] e820: [mem 0x40000000-0xfebfffff] available for PCI devices
[    0.000000] Booting paravirtualized kernel on KVM
[    0.000000] clocksource: refined-jiffies: mask: 0xffffffff max_cycles: 0xffffffff, max_idle_ns: 7645519600211568 ns
[    0.000000] random: get_random_bytes called from start_kernel+0x99/0x4fd with crng_init=0
[    0.000000] setup_percpu: NR_CPUS:8192 nr_cpumask_bits:2 nr_cpu_ids:2 nr_node_ids:1
[    0.000000] percpu: Embedded 45 pages/cpu s147456 r8192 d28672 u1048576
[    0.000000] PV qspinlock hash table entries: 256 (order: 0, 4096 bytes)
[    0.000000] Built 1 zonelists, mobility grouping on.  Total pages: 257913
[    0.000000] Policy zone: DMA32
[    0.000000] Kernel command line: BOOT_IMAGE=/boot/vmlinuz-4.15.0-96-generic root=UUID=1f736b6f-1f72-404f-b646-22a765a221c8 ro console=tty1 console=ttyS0
[    0.000000] Memory: 982536K/1048120K available (12300K kernel code, 2481K rwdata, 4264K rodata, 2432K init, 2712K bss, 65584K reserved, 0K cma-reserved)
[    0.000000] SLUB: HWalign=64, Order=0-3, MinObjects=0, CPUs=2, Nodes=1
[    0.000000] Kernel/User page tables isolation: enabled
[    0.000000] ftrace: allocating 39351 entries in 154 pages
[    0.004000] Hierarchical RCU implementation.
[    0.004000] 	RCU restricting CPUs from NR_CPUS=8192 to nr_cpu_ids=2.
[    0.004000] 	Tasks RCU enabled.
[    0.004000] RCU: Adjusting geometry for rcu_fanout_leaf=16, nr_cpu_ids=2
[    0.004000] NR_IRQS: 524544, nr_irqs: 440, preallocated irqs: 16
[    0.004000] Console: colour VGA+ 80x25
[    0.004000] console [tty1] enabled
[    0.004000] console [ttyS0] enabled
[    0.004000] ACPI: Core revision 20170831
[    0.004000] ACPI: 2 ACPI AML tables successfully acquired and loaded
[    0.004000] APIC: Switch to symmetric I/O mode setup
[    0.004000] x2apic enabled
[    0.004000] Switched APIC routing to physical x2apic.
[    0.004907] ..TIMER: vector=0x30 apic1=0 pin1=2 apic2=-1 pin2=-1
[    0.008004] tsc: Detected 2304.000 MHz processor
[    0.009639] Calibrating delay loop (skipped) preset value.. 4608.00 BogoMIPS (lpj=9216000)
[    0.009639] pid_max: default: 32768 minimum: 301
[    0.012044] Security Framework initialized
[    0.013243] Yama: becoming mindful.
[    0.014927] AppArmor: AppArmor initialized
[    0.018807] Dentry cache hash table entries: 131072 (order: 8, 1048576 bytes)
[    0.020060] Inode-cache hash table entries: 65536 (order: 7, 524288 bytes)
[    0.024014] Mount-cache hash table entries: 2048 (order: 2, 16384 bytes)
[    0.025274] Mountpoint-cache hash table entries: 2048 (order: 2, 16384 bytes)
[    0.026907] Last level iTLB entries: 4KB 64, 2MB 8, 4MB 8
[    0.028003] Last level dTLB entries: 4KB 64, 2MB 0, 4MB 0, 1GB 4
[    0.029129] Spectre V1 : Mitigation: usercopy/swapgs barriers and __user pointer sanitization
[    0.031162] Spectre V2 : Mitigation: Full generic retpoline
[    0.032002] Spectre V2 : Spectre v2 / SpectreRSB mitigation: Filling RSB on context switch
[    0.036002] Speculative Store Bypass: Vulnerable
[    0.036896] MDS: Vulnerable: Clear CPU buffers attempted, no microcode
[    0.038684] Freeing SMP alternatives memory: 36K
[    0.150560] smpboot: CPU0: Intel(R) Core(TM) i5-7360U CPU @ 2.30GHz (family: 0x6, model: 0x8e, stepping: 0x9)
[    0.152000] Performance Events: unsupported p6 CPU model 142 no PMU driver, software events only.
[    0.152038] Hierarchical SRCU implementation.
[    0.153389] NMI watchdog: Perf event create on CPU 0 failed with -2
[    0.154525] NMI watchdog: Perf NMI watchdog permanently disabled
[    0.155647] smp: Bringing up secondary CPUs ...
[    0.156067] x86: Booting SMP configuration:
[    0.156858] .... node  #0, CPUs:      #1
[    0.004000] kvm-clock: cpu 1, msr 0:3ff44041, secondary cpu clock
[    0.162314] smp: Brought up 1 node, 2 CPUs
[    0.162314] smpboot: Max logical packages: 1
[    0.164004] smpboot: Total of 2 processors activated (9216.00 BogoMIPS)
[    0.165317] devtmpfs: initialized
[    0.165317] x86/mm: Memory block size: 128MB
[    0.168078] evm: security.selinux
[    0.168952] evm: security.SMACK64
[    0.169846] evm: security.SMACK64EXEC
[    0.170905] evm: security.SMACK64TRANSMUTE
[    0.172000] evm: security.SMACK64MMAP
[    0.172004] evm: security.apparmor
[    0.172753] evm: security.ima
[    0.173764] evm: security.capability
[    0.174517] clocksource: jiffies: mask: 0xffffffff max_cycles: 0xffffffff, max_idle_ns: 7645041785100000 ns
[    0.176010] futex hash table entries: 512 (order: 3, 32768 bytes)
[    0.178629] pinctrl core: initialized pinctrl subsystem
[    0.180099] RTC time:  2:04:37, date: 04/10/20
[    0.181557] NET: Registered protocol family 16
[    0.182722] audit: initializing netlink subsys (disabled)
[    0.184031] audit: type=2000 audit(1586484284.506:1): state=initialized audit_enabled=0 res=1
[    0.184153] cpuidle: using governor ladder
[    0.188008] cpuidle: using governor menu
[    0.188784] ACPI: bus type PCI registered
[    0.189545] acpiphp: ACPI Hot Plug PCI Controller Driver version: 0.5
[    0.190854] PCI: Using configuration type 1 for base access
[    0.192806] HugeTLB registered 2.00 MiB page size, pre-allocated 0 pages
[    0.193318] ACPI: Added _OSI(Module Device)
[    0.196007] ACPI: Added _OSI(Processor Device)
[    0.196849] ACPI: Added _OSI(3.0 _SCP Extensions)
[    0.197723] ACPI: Added _OSI(Processor Aggregator Device)
[    0.198744] ACPI: Added _OSI(Linux-Dell-Video)
[    0.199585] ACPI: Added _OSI(Linux-Lenovo-NV-HDMI-Audio)
[    0.200002] ACPI: Added _OSI(Linux-HPI-Hybrid-Graphics)
[    0.202072] ACPI: Executed 1 blocks of module-level executable AML code
[    0.206717] ACPI: Interpreter enabled
[    0.208014] ACPI: (supports S0 S5)
[    0.208674] ACPI: Using IOAPIC for interrupt routing
[    0.209794] PCI: Using host bridge windows from ACPI; if necessary, use "pci=nocrs" and report a bug
[    0.212217] ACPI: Enabled 2 GPEs in block 00 to 07
[    0.219432] ACPI: PCI Root Bridge [PCI0] (domain 0000 [bus 00-ff])
[    0.220007] acpi PNP0A03:00: _OSC: OS supports [ASPM ClockPM Segments MSI]
[    0.222094] acpi PNP0A03:00: _OSC: not requesting OS control; OS requires [ExtendedConfig ASPM ClockPM MSI]
[    0.224011] acpi PNP0A03:00: fail to add MMCONFIG information, can't access extended PCI configuration space under this bridge.
[    0.228036] PCI host bridge to bus 0000:00
[    0.228823] pci_bus 0000:00: root bus resource [io  0x0000-0x0cf7 window]
[    0.230037] pci_bus 0000:00: root bus resource [io  0x0d00-0xffff window]
[    0.231288] pci_bus 0000:00: root bus resource [mem 0x000a0000-0x000bffff window]
[    0.232002] pci_bus 0000:00: root bus resource [mem 0x40000000-0xfdffffff window]
[    0.233380] pci_bus 0000:00: root bus resource [bus 00-ff]
[    0.238057] pci 0000:00:01.1: legacy IDE quirk: reg 0x10: [io  0x01f0-0x01f7]
[    0.239822] pci 0000:00:01.1: legacy IDE quirk: reg 0x14: [io  0x03f6]
[    0.240004] pci 0000:00:01.1: legacy IDE quirk: reg 0x18: [io  0x0170-0x0177]
[    0.241470] pci 0000:00:01.1: legacy IDE quirk: reg 0x1c: [io  0x0376]
[    0.258210] pci 0000:00:07.0: quirk: [io  0x4000-0x403f] claimed by PIIX4 ACPI
[    0.259982] pci 0000:00:07.0: quirk: [io  0x4100-0x410f] claimed by PIIX4 SMB
[    0.272007] ACPI: PCI Interrupt Link [LNKA] (IRQs 5 9 10 *11)
[    0.273977] ACPI: PCI Interrupt Link [LNKB] (IRQs 5 9 *10 11)
[    0.275726] ACPI: PCI Interrupt Link [LNKC] (IRQs 5 *9 10 11)
[    0.276118] ACPI: PCI Interrupt Link [LNKD] (IRQs 5 9 10 *11)
[    0.277531] SCSI subsystem initialized
[    0.278290] pci 0000:00:02.0: vgaarb: setting as boot VGA device
[    0.278290] pci 0000:00:02.0: vgaarb: VGA device added: decodes=io+mem,owns=io+mem,locks=none
[    0.280010] pci 0000:00:02.0: vgaarb: bridge control possible
[    0.284010] vgaarb: loaded
[    0.284572] ACPI: bus type USB registered
[    0.285352] usbcore: registered new interface driver usbfs
[    0.286400] usbcore: registered new interface driver hub
[    0.287383] usbcore: registered new device driver usb
[    0.288050] EDAC MC: Ver: 3.0.0
[    0.289108] PCI: Using ACPI for IRQ routing
[    0.289155] NetLabel: Initializing
[    0.289812] NetLabel:  domain hash size = 128
[    0.292003] NetLabel:  protocols = UNLABELED CIPSOv4 CALIPSO
[    0.293610] NetLabel:  unlabeled traffic allowed by default
[    0.294691] clocksource: Switched to clocksource kvm-clock
[    0.305626] VFS: Disk quotas dquot_6.6.0
[    0.306823] VFS: Dquot-cache hash table entries: 512 (order 0, 4096 bytes)
[    0.308678] AppArmor: AppArmor Filesystem Enabled
[    0.309583] pnp: PnP ACPI init
[    0.311360] pnp: PnP ACPI: found 3 devices
[    0.320416] clocksource: acpi_pm: mask: 0xffffff max_cycles: 0xffffff, max_idle_ns: 2085701024 ns
[    0.322547] NET: Registered protocol family 2
[    0.323526] TCP established hash table entries: 8192 (order: 4, 65536 bytes)
[    0.325347] TCP bind hash table entries: 8192 (order: 5, 131072 bytes)
[    0.328217] TCP: Hash tables configured (established 8192 bind 8192)
[    0.329719] UDP hash table entries: 512 (order: 2, 16384 bytes)
[    0.331304] UDP-Lite hash table entries: 512 (order: 2, 16384 bytes)
[    0.332740] NET: Registered protocol family 1
[    0.333830] pci 0000:00:00.0: Limiting direct PCI/PCI transfers
[    0.335179] pci 0000:00:01.0: Activating ISA DMA hang workarounds
[    0.336426] pci 0000:00:02.0: Video device with shadowed ROM at [mem 0x000c0000-0x000dffff]
[    0.338085] Unpacking initramfs...
[    0.620986] Freeing initrd memory: 19732K
[    0.622609] clocksource: tsc: mask: 0xffffffffffffffff max_cycles: 0x2135f7c97c8, max_idle_ns: 440795273205 ns
[    0.624700] platform rtc_cmos: registered platform RTC device (no PNP device found)
[    0.626617] Scanning for low memory corruption every 60 seconds
[    0.628331] Initialise system trusted keyrings
[    0.629430] Key type blacklist registered
[    0.630269] workingset: timestamp_bits=36 max_order=18 bucket_order=0
[    0.632510] zbud: loaded
[    0.633646] squashfs: version 4.0 (2009/01/31) Phillip Lougher
[    0.635036] fuse init (API version 7.26)
[    0.637970] Key type asymmetric registered
[    0.638743] Asymmetric key parser 'x509' registered
[    0.639663] Block layer SCSI generic (bsg) driver version 0.4 loaded (major 246)
[    0.641120] io scheduler noop registered
[    0.641898] io scheduler deadline registered
[    0.642720] io scheduler cfq registered (default)
[    0.644446] ACPI: AC Adapter [AC] (off-line)
[    0.645705] input: Power Button as /devices/LNXSYSTM:00/LNXPWRBN:00/input/input0
[    0.647148] ACPI: Power Button [PWRF]
[    0.648234] input: Sleep Button as /devices/LNXSYSTM:00/LNXSLPBN:00/input/input1
[    0.649680] ACPI: Sleep Button [SLPF]
[    0.651619] ACPI: Battery Slot [BAT0] (battery present)
[    0.652204] Serial: 8250/16550 driver, 32 ports, IRQ sharing enabled
[    0.674534] 00:02: ttyS0 at I/O 0x3f8 (irq = 4, base_baud = 115200) is a 16550A
[    0.677551] Linux agpgart interface v0.103
[    0.681858] loop: module loaded
[    0.683679] scsi host0: ata_piix
[    0.684873] scsi host1: ata_piix
[    0.685847] ata1: PATA max UDMA/33 cmd 0x1f0 ctl 0x3f6 bmdma 0xd000 irq 14
[    0.687640] ata2: PATA max UDMA/33 cmd 0x170 ctl 0x376 bmdma 0xd008 irq 15
[    0.690165] libphy: Fixed MDIO Bus: probed
[    0.691325] tun: Universal TUN/TAP device driver, 1.6
[    0.692742] PPP generic driver version 2.4.2
[    0.694028] ehci_hcd: USB 2.0 'Enhanced' Host Controller (EHCI) Driver
[    0.695614] ehci-pci: EHCI PCI platform driver
[    0.697072] ehci-platform: EHCI generic platform driver
[    0.698581] ohci_hcd: USB 1.1 'Open' Host Controller (OHCI) Driver
[    0.700039] ohci-pci: OHCI PCI platform driver
[    0.701121] ohci-platform: OHCI generic platform driver
[    0.702446] uhci_hcd: USB Universal Host Controller Interface driver
[    0.704137] i8042: PNP: PS/2 Controller [PNP0303:PS2K,PNP0f03:PS2M] at 0x60,0x64 irq 1,12
[    0.706364] serio: i8042 KBD port at 0x60,0x64 irq 1
[    0.707711] serio: i8042 AUX port at 0x60,0x64 irq 12
[    0.709463] mousedev: PS/2 mouse device common for all mice
[    0.711559] input: AT Translated Set 2 keyboard as /devices/platform/i8042/serio0/input/input2
[    0.713491] rtc_cmos rtc_cmos: rtc core: registered rtc_cmos as rtc0
[    0.714753] rtc_cmos rtc_cmos: alarms up to one day, 114 bytes nvram
[    0.716110] i2c /dev entries driver
[    0.717037] device-mapper: uevent: version 1.0.3
[    0.718578] device-mapper: ioctl: 4.37.0-ioctl (2017-09-20) initialised: dm-devel@redhat.com
[    0.720282] ledtrig-cpu: registered to indicate activity on CPUs
[    0.721897] NET: Registered protocol family 10
[    0.726936] Segment Routing with IPv6
[    0.727731] NET: Registered protocol family 17
[    0.728896] Key type dns_resolver registered
[    0.730604] mce: Using 0 MCE banks
[    0.731553] RAS: Correctable Errors collector initialized.
[    0.733005] sched_clock: Marking stable (732969764, 0)->(956066053, -223096289)
[    0.735251] registered taskstats version 1
[    0.736413] Loading compiled-in X.509 certificates
[    0.739837] Loaded X.509 cert 'Build time autogenerated kernel key: 244b473b43e18b01f00e37a87f2ecd28620f0244'
[    0.741977] zswap: loaded using pool lzo/zbud
[    0.746769] Key type big_key registered
[    0.747559] Key type trusted registered
[    0.750246] Key type encrypted registered
[    0.751242] AppArmor: AppArmor sha1 policy hashing enabled
[    0.752505] ima: No TPM chip found, activating TPM-bypass! (rc=-19)
[    0.753913] ima: Allocated hash algorithm: sha1
[    0.754905] evm: HMAC attrs: 0x1
[    0.755887]   Magic number: 0:460:55
[    0.756878] rtc_cmos rtc_cmos: setting system clock to 2020-04-10 02:04:37 UTC (1586484277)
[    0.759242] BIOS EDD facility v0.16 2004-Jun-25, 0 devices found
[    0.760843] EDD information not available.
[    0.851837] Freeing unused kernel image memory: 2432K
[    0.873824] Write protecting the kernel read-only data: 20480k
[    0.876466] Freeing unused kernel image memory: 2008K
[    0.877647] Freeing unused kernel image memory: 1880K
[    0.884097] x86/mm: Checked W+X mappings: passed, no W+X pages found.
[    0.885469] x86/mm: Checking user space page tables
[    0.892822] x86/mm: Checked W+X mappings: passed, no W+X pages found.
Loading, please wait...
starting version 237
[    0.989360] Fusion MPT base driver 3.04.20
[    0.990479] Copyright (c) 1999-2008 LSI Corporation
[    0.992494] e1000: Intel(R) PRO/1000 Network Driver - version 7.3.21-k8-NAPI
[    0.994656] e1000: Copyright (c) 1999-2006 Intel Corporation.
[    1.010309] Fusion MPT SPI Host driver 3.04.20
[    1.017855] AVX2 version of gcm_enc/dec engaged.
[    1.018750] AES CTR mode by8 optimization enabled
[    1.205631] input: ImExPS/2 Generic Explorer Mouse as /devices/platform/i8042/serio1/input/input4
[    1.422299] e1000 0000:00:03.0 eth0: (PCI:33MHz:32-bit) 02:19:d6:3c:94:c8
[    1.424013] e1000 0000:00:03.0 eth0: Intel(R) PRO/1000 Network Connection
[    1.426817] mptbase: ioc0: Initiating bringup
[    1.520635] ioc0: LSI53C1030 A0: Capabilities={Initiator}
[    1.764872] scsi host2: ioc0: LSI53C1030 A0, FwRev=00000000h, Ports=1, MaxQ=256, IRQ=20
[    1.934391] scsi 2:0:0:0: Direct-Access     VBOX     HARDDISK         1.0  PQ: 0 ANSI: 5
[    1.968530] scsi target2:0:0: Beginning Domain Validation
[    2.034477] scsi target2:0:0: Domain Validation skipping write tests
[    2.036881] scsi target2:0:0: Ending Domain Validation
[    2.038781] scsi target2:0:0: asynchronous
[    2.041239] scsi 2:0:1:0: Direct-Access     VBOX     HARDDISK         1.0  PQ: 0 ANSI: 5
[    2.312736] scsi target2:0:1: Beginning Domain Validation
[    2.315891] random: fast init done
[    2.317212] scsi target2:0:1: Domain Validation skipping write tests
[    2.318531] scsi target2:0:1: Ending Domain Validation
[    2.319610] scsi target2:0:1: asynchronous
[    2.323979] random: systemd-udevd: uninitialized urandom read (16 bytes read)
[    2.325849] sd 2:0:0:0: Attached scsi generic sg0 type 0
[    2.325927] random: systemd-udevd: uninitialized urandom read (16 bytes read)
[    2.328278] random: systemd-udevd: uninitialized urandom read (16 bytes read)
[    2.329854] sd 2:0:0:0: [sda] 20971520 512-byte logical blocks: (10.7 GB/10.0 GiB)
[    2.329880] sd 2:0:1:0: Attached scsi generic sg1 type 0
[    2.332007] sd 2:0:0:0: [sda] Write Protect is off
[    2.334315] sd 2:0:0:0: [sda] Incomplete mode parameter data
[    2.334493] sd 2:0:1:0: [sdb] 20480 512-byte logical blocks: (10.5 MB/10.0 MiB)
[    2.335776] sd 2:0:0:0: [sda] Assuming drive cache: write through
[    2.338814] sd 2:0:1:0: [sdb] Write Protect is off
[    2.340186] sd 2:0:1:0: [sdb] Incomplete mode parameter data
[    2.341879] sd 2:0:1:0: [sdb] Assuming drive cache: write through
[    2.345865]  sda: sda1
[    2.347119] sd 2:0:0:0: [sda] Attached SCSI disk
[    2.349895] sd 2:0:1:0: [sdb] Attached SCSI disk
[    2.350359] e1000 0000:00:08.0 eth1: (PCI:33MHz:32-bit) 08:00:27:e5:97:64
[    2.352895] e1000 0000:00:08.0 eth1: Intel(R) PRO/1000 Network Connection
[    2.355305] e1000 0000:00:03.0 enp0s3: renamed from eth0
[    2.376653] e1000 0000:00:08.0 enp0s8: renamed from eth1
Begin: Loading essential drivers ... [    3.776565] raid6: sse2x1   gen() 12300 MB/s
[    3.824316] raid6: sse2x1   xor()  8231 MB/s
[    3.872397] raid6: sse2x2   gen() 15049 MB/s
[    3.920067] raid6: sse2x2   xor()  9919 MB/s
[    3.968152] raid6: sse2x4   gen() 17251 MB/s
[    4.016356] raid6: sse2x4   xor() 10441 MB/s
[    4.064150] raid6: avx2x1   gen() 24263 MB/s
[    4.112345] raid6: avx2x1   xor() 15933 MB/s
[    4.160396] raid6: avx2x2   gen() 28955 MB/s
[    4.208735] raid6: avx2x2   xor() 18497 MB/s
[    4.256178] raid6: avx2x4   gen() 29874 MB/s
[    4.304106] raid6: avx2x4   xor() 10725 MB/s
[    4.305330] raid6: using algorithm avx2x4 gen() 29874 MB/s
[    4.306889] raid6: .... xor() 10725 MB/s, rmw enabled
[    4.308107] raid6: using avx2x2 recovery algorithm
[    4.310338] xor: automatically using best checksumming function   avx       
[    4.312960] async_tx: api initialized (async)
done.
Begin: Running /scripts/init-premount ... done.
Begin: Mounting root file system ... Begin: Running /scripts/local-top ... done.
Begin: Running /scripts/local-premount ... [    4.354944] Btrfs loaded, crc32c=crc32c-intel
Scanning for Btrfs filesystems
done.
Warning: fsck not present, so skipping root file system
[    4.426320] EXT4-fs (sda1): INFO: recovery required on readonly filesystem
[    4.427634] EXT4-fs (sda1): write access will be enabled during recovery
[    5.350468] EXT4-fs (sda1): recovery complete
[    5.361310] EXT4-fs (sda1): mounted filesystem with ordered data mode. Opts: (null)
done.
Begin: Running /scripts/local-bottom ... done.
Begin: Running /scripts/init-bottom ... done.
[    5.904573] random: crng init done
[    5.905982] random: 7 urandom warning(s) missed due to ratelimiting
[    5.919347] ip_tables: (C) 2000-2006 Netfilter Core Team
[    5.952931] systemd[1]: systemd 237 running in system mode. (+PAM +AUDIT +SELINUX +IMA +APPARMOR +SMACK +SYSVINIT +UTMP +LIBCRYPTSETUP +GCRYPT +GNUTLS +ACL +XZ +LZ4 +SECCOMP +BLKID +ELFUTILS +KMOD -IDN2 +IDN -PCRE2 default-hierarchy=hybrid)
[    5.957918] systemd[1]: Detected virtualization oracle.
[    5.959040] systemd[1]: Detected architecture x86-64.

Welcome to [1mUbuntu 18.04.3 LTS[0m!

[    5.977782] systemd[1]: Set hostname to <ubuntu-bionic>.
[    6.634562] systemd[1]: Created slice User and Session Slice.
[[0;32m  OK  [0m] Created slice User and Session Slice.
[    6.636921] systemd[1]: Reached target System Time Synchronized.
[[0;32m  OK  [0m] Reached target System Time Synchronized.
[    6.638936] systemd[1]: Reached target Swap.
[[0;32m  OK  [0m] Reached target Swap.
[    6.640688] systemd[1]: Created slice System Slice.
[[0;32m  OK  [0m] Created slice System Slice.
[    6.642461] systemd[1]: Listening on udev Control Socket.
[[0;32m  OK  [0m] Listening on udev Control Socket.
[    6.644431] systemd[1]: Listening on LVM2 poll daemon socket.
[[0;32m  OK  [0m] Listening on LVM2 poll daemon socket.
[[0;32m  OK  [0m] Listening on udev Kernel Socket.
[[0;32m  OK  [0m] Reached target Slices.
[[0;32m  OK  [0m] Listening on Journal Audit Socket.
[[0;32m  OK  [0m] Listening on Network Service Netlink Socket.
[[0;32m  OK  [0m] Reached target User and Group Name Lookups.
[[0;32m  OK  [0m] Set up automount Arbitrary Executabâ€¦rmats File System Automount Point.
[[0;32m  OK  [0m] Started Forward Password Requests to Wall Directory Watch.
[[0;32m  OK  [0m] Listening on Journal Socket.
         Starting udev Coldplug all Devices...
         Mounting Huge Pages File System...
         Starting Create list of required stâ€¦ce nodes for the current kernel...
         Starting Remount Root and Kernel File Systems...
         Starting Uncomplicated firewall...
         Starting Set the console keyboard layout...
[[0;32m  OK  [0m] Listening on Journal Socket (/dev/log).
         Mounting POSIX Message Queue File System...
         Mounting Kernel Debug File System...
[[0;32m  OK  [0m] Created slice system-serial\x2dgetty.slice.
[[0;32m  OK  [0m] Listening on /dev/initctl Compatibility Named Pipe.
[    6.797526] EXT4-fs (sda1): re-mounted. Opts: (null)
[[0;32m  OK  [0m] Listening on Device-mapper event daemon FIFOs.
         Starting Load Kernel Modules...
[[0;32m  OK  [0m] Listening on Syslog Socket.
         Starting Journal Service...
[    6.854217] Loading iSCSI transport class v2.0-870.
[[0;32m  OK  [0m] Listening on LVM2 metadata daemon socket.
         Starting Monitoring of LVM2 mirrorsâ€¦ng dmeventd or progress polling...
[[0;32m  OK  [0m] Mounted Huge Pages File System.
[[0;32m  OK  [0m] Started Create list of required staâ€¦vice nodes for the current kernel.
[[0;32m  OK  [0m] Started Remount Root and Kernel File Systems.
[[0;32m  OK  [0m] Started Uncomplicated firewall.
[[0;32m  OK  [0m] Mounted POSIX Message Queue File System.
[[0;32m  OK  [0m] Mounted Kernel Debug File System.
[    6.872991] iscsi: registered transport (tcp)
         Starting Load/Save Random Seed...
         Starting Create Static Device Nodes in /dev...
[[0;32m  OK  [0m] Started Journal Service.
[[0;32m  OK  [0m] Started udev Coldplug all Devices.
         Starting Flush Journal to Persistent Storage...
[[0;32m  OK  [0m] Started LVM2 metadata daemon.
[[0;32m  OK  [0m] Started Load/Save Random Seed.
[[0;32m  OK  [0m] Started Set the console keyboard layout.
[[0;32m  OK  [0m] Started Create Static Device Nodes in /dev.
         Starting udev Kernel Device Manager...
[    7.105319] iscsi: registered transport (iser)
[[0;32m  OK  [0m] Started Load Kernel Modules.
         Starting Apply Kernel Variables...
         Mounting FUSE Control File System...
         Mounting Kernel Configuration File System...
[[0;32m  OK  [0m] Mounted FUSE Control File System.
[    7.118676] systemd-journald[407]: Received request to flush runtime journal from PID 1
[[0;32m  OK  [0m] Mounted Kernel Configuration File System.
[[0;32m  OK  [0m] Started udev Kernel Device Manager.
[[0;32m  OK  [0m] Started Dispatch Password Requests to Console Directory Watch.
[[0;32m  OK  [0m] Reached target Local Encrypted Volumes.
[[0;32m  OK  [0m] Started Monitoring of LVM2 mirrors,â€¦sing dmeventd or progress polling.
[[0;32m  OK  [0m] Reached target Local File Systems (Pre).
[[0;32m  OK  [0m] Reached target Local File Systems.
         Starting ebtables ruleset management...
         Starting Tell Plymouth To Write Out Runtime Data...
         Starting AppArmor initialization...
         Starting Set console font and keymap...
[[0;32m  OK  [0m] Started Apply Kernel Variables.
[[0;32m  OK  [0m] Started Tell Plymouth To Write Out Runtime Data.
[[0;32m  OK  [0m] Started Set console font and keymap.
[[0;32m  OK  [0m] Started ebtables ruleset management.
[[0;32m  OK  [0m] Found device /dev/ttyS0.
[[0;32m  OK  [0m] Started Flush Journal to Persistent Storage.
         Starting Create Volatile Files and Directories...
[[0;32m  OK  [0m] Started Create Volatile Files and Directories.
         Starting Update UTMP about System Boot/Shutdown...
[[0;32m  OK  [0m] Started Update UTMP about System Boot/Shutdown.
[[0;32m  OK  [0m] Listening on Load/Save RF Kill Switch Status /dev/rfkill Watch.
[[0;32m  OK  [0m] Started AppArmor initialization.
         Starting Initial cloud-init job (pre-networking)...
[    9.912396] cloud-init[541]: Cloud-init v. 19.1-1-gbaa47854-0ubuntu1~18.04.1 running 'init-local' at Fri, 10 Apr 2020 02:04:46 +0000. Up 9.63 seconds.
[[0;32m  OK  [0m] Started Initial cloud-init job (pre-networking).
[[0;32m  OK  [0m] Reached target Network (Pre).
         Starting Network Service...
[[0;32m  OK  [0m] Started Network Service.
         Starting Network Name Resolution...
         Starting Wait for Network to be Configured...
[[0;32m  OK  [0m] Started Network Name Resolution.
[[0;32m  OK  [0m] Reached target Network.
[[0;32m  OK  [0m] Reached target Host and Network Name Lookups.
[[0;32m  OK  [0m] Started Wait for Network to be Configured.
         Starting Initial cloud-init job (metadata service crawler)...
[   12.248721] cloud-init[718]: Cloud-init v. 19.1-1-gbaa47854-0ubuntu1~18.04.1 running 'init' at Fri, 10 Apr 2020 02:04:48 +0000. Up 12.07 seconds.
[   12.250179] cloud-init[718]: ci-info: ++++++++++++++++++++++++++++++++++++++Net device info+++++++++++++++++++++++++++++++++++++++
[   12.264742] cloud-init[718]: ci-info: +--------+------+-----------------------------+---------------+--------+-------------------+
[   12.267966] cloud-init[718]: ci-info: | Device |  Up  |           Address           |      Mask     | Scope  |     Hw-Address    |
[   12.271415] cloud-init[718]: ci-info: +--------+------+-----------------------------+---------------+--------+-------------------+
[   12.273514] cloud-init[718]: ci-info: | enp0s3 | True |          10.0.2.15          | 255.255.255.0 | global | 02:19:d6:3c:94:c8 |
[   12.276452] cloud-init[718]: ci-info: | enp0s3 | True |  fe80::19:d6ff:fe3c:94c8/64 |       .       |  link  | 02:19:d6:3c:94:c8 |
[   12.279183] cloud-init[718]: ci-info: | enp0s8 | True |        192.168.33.10        | 255.255.255.0 | global | 08:00:27:e5:97:64 |
[   12.281354] cloud-init[718]: ci-info: | enp0s8 | True | fe80::a00:27ff:fee5:9764/64 |       .       |  link  | 08:00:27:e5:97:64 |
[   12.283269] cloud-init[718]: ci-info: |   lo   | True |          127.0.0.1          |   255.0.0.0   |  host  |         .         |
[   12.284598] cloud-init[718]: ci-info: |   lo   | True |           ::1/128           |       .       |  host  |         .         |
[   12.286576] cloud-init[718]: ci-info: +--------+------+-----------------------------+---------------+--------+-------------------+
[   12.288261] cloud-init[718]: ci-info: +++++++++++++++++++++++++++++Route IPv4 info+++++++++++++++++++++++++++++
[   12.290014] cloud-init[718]: ci-info: +-------+--------------+----------+-----------------+-----------+-------+
[   12.292246] cloud-init[718]: ci-info: | Route | Destination  | Gateway  |     Genmask     | Interface | Flags |
[   12.294102] cloud-init[718]: ci-info: +-------+--------------+----------+-----------------+-----------+-------+
[   12.295877] cloud-init[718]: ci-info: |   0   |   0.0.0.0    | 10.0.2.2 |     0.0.0.0     |   enp0s3  |   UG  |
[   12.297793] cloud-init[718]: ci-info: |   1   |   10.0.2.0   | 0.0.0.0  |  255.255.255.0  |   enp0s3  |   U   |
[   12.300532] cloud-init[718]: ci-info: |   2   |   10.0.2.2   | 0.0.0.0  | 255.255.255.255 |   enp0s3  |   UH  |
[   12.301342] cloud-init[718]: ci-info: |   3   | 192.168.33.0 | 0.0.0.0  |  255.255.255.0  |   enp0s8  |   U   |
[   12.302400] cloud-init[718]: ci-info: +-------+--------------+----------+-----------------+-----------+-------+
[   12.305056] cloud-init[718]: ci-info: +++++++++++++++++++Route IPv6 info+++++++++++++++++++
[   12.306573] cloud-init[718]: ci-info: +-------+-------------+---------+-----------+-------+
[   12.307734] cloud-init[718]: ci-info: | Route | Destination | Gateway | Interface | Flags |
[   12.309002] cloud-init[718]: ci-info: +-------+-------------+---------+-----------+-------+
[   12.310248] cloud-init[718]: ci-info: |   1   |  fe80::/64  |    ::   |   enp0s8  |   U   |
[   12.311511] cloud-init[718]: ci-info: |   2   |  fe80::/64  |    ::   |   enp0s3  |   U   |
[   12.312347] cloud-init[718]: ci-info: |   4   |    local    |    ::   |   enp0s3  |   U   |
[   12.313652] cloud-init[718]: ci-info: |   5   |    local    |    ::   |   enp0s8  |   U   |
[   12.314726] cloud-init[718]: ci-info: |   6   |   ff00::/8  |    ::   |   enp0s8  |   U   |
[   12.316704] cloud-init[718]: ci-info: |   7   |   ff00::/8  |    ::   |   enp0s3  |   U   |
[   12.328733] cloud-init[718]: ci-info: +-------+-------------+---------+-----------+-------+
[[0;32m  OK  [0m] Started Initial cloud-init job (metadata service crawler).
[[0;32m  OK  [0m] Reached target Cloud-config availability.
[[0;32m  OK  [0m] Reached target System Initialization.
[[0;32m  OK  [0m] Started Message of the Day.
[[0;32m  OK  [0m] Listening on Open-iSCSI iscsid Socket.
[[0;32m  OK  [0m] Started Discard unused blocks once a week.
[[0;32m  OK  [0m] Listening on ACPID Listen Socket.
         Starting LXD - unix socket.
[[0;32m  OK  [0m] Started ACPI Events Check.
[[0;32m  OK  [0m] Started Daily apt download activities.
[[0;32m  OK  [0m] Started Daily apt upgrade and clean activities.
[[0;32m  OK  [0m] Reached target Paths.
[[0;32m  OK  [0m] Started Daily Cleanup of Temporary Directories.
[[0;32m  OK  [0m] Listening on D-Bus System Message Bus Socket.
         Starting Socket activation for snappy daemon.
[[0;32m  OK  [0m] Reached target Timers.
[[0;32m  OK  [0m] Listening on UUID daemon activation socket.
[[0;32m  OK  [0m] Reached target Network is Online.
         Starting Availability of block devices...
[[0;32m  OK  [0m] Reached target Remote File Systems (Pre).
[[0;32m  OK  [0m] Reached target Remote File Systems.
[[0;32m  OK  [0m] Listening on LXD - unix socket.
[[0;32m  OK  [0m] Listening on Socket activation for snappy daemon.
[[0;32m  OK  [0m] Reached target Sockets.
[[0;32m  OK  [0m] Reached target Basic System.
[[0;32m  OK  [0m] Started Deferred execution scheduler.
         Starting System Logging Service...
[[0;32m  OK  [0m] Started D-Bus System Message Bus.
         Starting Accounts Service...
         Starting LSB: automatic crash report generation...
         Starting OpenBSD Secure Shell server...
         Starting Message of the Day...
         Starting LSB: Record successful boot for GRUB...
[[0;32m  OK  [0m] Started FUSE filesystem for LXC.
         Starting Dispatcher daemon for systemd-networkd...
         Starting vboxadd.service...
         Starting Login Service...
[[0;32m  OK  [0m] Started Regular background program processing daemon.
         Starting Permit User Sessions...
         Starting Snappy daemon...
[[0;32m  OK  [0m] Started irqbalance daemon.
         Starting LXD - container startup/shutdown...
[[0;32m  OK  [0m] Started System Logging Service.
[[0;32m  OK  [0m] Started Availability of block devices.
[[0;32m  OK  [0m] Started Permit User Sessions.
[[0;32m  OK  [0m] Started Login Service.
[[0;32m  OK  [0m] Started Unattended Upgrades Shutdown.
         Starting Hold until boot process finishes up...
         Starting Terminate Plymouth Boot Screen...
         Starting Authorization Manager...
[[0;32m  OK  [0m] Started Hold until boot process finishes up.
         Starting Set console scheme...
[[0;32m  OK  [0m] Started Serial Getty on ttyS0.
[[0;32m  OK  [0m] Started Terminate Plymouth Boot Screen.
[[0;32m  OK  [0m] Started LSB: automatic crash report generation.
[[0;32m  OK  [0m] Started Set console scheme.
[[0;32m  OK  [0m] Created slice system-getty.slice.
[[0;32m  OK  [0m] Started Getty on tty1.
[[0;32m  OK  [0m] Reached target Login Prompts.
[[0;32m  OK  [0m] Started Authorization Manager.
[[0;32m  OK  [0m] Started Accounts Service.
[[0;32m  OK  [0m] Started LSB: Record successful boot for GRUB.
[[0;32m  OK  [0m] Started OpenBSD Secure Shell server.
[[0;32m  OK  [0m] Started Dispatcher daemon for systemd-networkd.
[[0;32m  OK  [0m] Started LXD - container startup/shutdown.
[[0;32m  OK  [0m] Started Snappy daemon.
         Starting Wait until snapd is fully seeded...
[[0;32m  OK  [0m] Started Wait until snapd is fully seeded.
         Starting Apply the settings specified in cloud-config...
[   15.800377] cloud-init[1200]: Cloud-init v. 19.1-1-gbaa47854-0ubuntu1~18.04.1 running 'modules:config' at Fri, 10 Apr 2020 02:04:52 +0000. Up 15.64 seconds.
[[0;32m  OK  [0m] Started Apply the settings specified in cloud-config.
[[0;32m  OK  [0m] Started Message of the Day.
[[0;32m  OK  [0m] Created slice User Slice of vagrant.
         Starting User Manager for UID 1000...
[[0;32m  OK  [0m] Started Session 1 of user vagrant.
[[0;32m  OK  [0m] Started User Manager for UID 1000.
[[0;32m  OK  [0m] Started vboxadd.service.
         Starting vboxadd-service.service...
[[0;32m  OK  [0m] Started vboxadd-service.service.
[[0;32m  OK  [0m] Reached target Multi-User System.
         Starting Execute cloud user/final scripts...
[[0;32m  OK  [0m] Reached target Graphical Interface.
         Starting Update UTMP about System Runlevel Changes...
[[0;32m  OK  [0m] Started Update UTMP about System Runlevel Changes.
[   18.014798] cloud-init[1420]: Cloud-init v. 19.1-1-gbaa47854-0ubuntu1~18.04.1 running 'modules:final' at Fri, 10 Apr 2020 02:04:54 +0000. Up 17.85 seconds.
[   18.018076] cloud-init[1420]: Cloud-init v. 19.1-1-gbaa47854-0ubuntu1~18.04.1 finished at Fri, 10 Apr 2020 02:04:54 +0000. Datasource DataSourceNoCloud [seed=/dev/sdb][dsmode=net].  Up 18.00 seconds
[[0;32m  OK  [0m] Started Execute cloud user/final scripts.
[[0;32m  OK  [0m] Reached target Cloud-init target.

Ubuntu 18.04.3 LTS ubuntu-bionic ttyS0

ubuntu-bionic login: 